// Jest Snapshot v1, https://goo.gl/fbAQLP

exports[`useParseHTML should parse a p tag 1`] = `
<div>
  <p
    class="font-ovo text-xl leading-normal pb-3"
  >
    I am a p tag!
  </p>
</div>
`;
